// Jest Snapshot v1, https://goo.gl/fbAQLP

exports[`checks the component against a snapshot 1`] = `
<div
  id="search"
>
  <form
    onSubmit={[Function]}
  >
    <div
      className="input-group"
    >
      <input
        className="form-control"
        onChange={[Function]}
        placeholder="Search for characters"
        type="text"
      />
      <span
        className="input-group-btn"
      >
        <button
          className="btn btn-primary"
          type="submit"
        >
          <span
            className="glyphicon glyphicon-search"
          />
        </button>
      </span>
    </div>
  </form>
</div>
`;
